[INFO] Scanning for projects...
[INFO] 
[INFO] ------------------------< com.minicad:mini-cad >------------------------
[INFO] Building mini-cad 0.1.0-SNAPSHOT
[INFO]   from pom.xml
[INFO] --------------------------------[ jar ]---------------------------------
[INFO] 
[INFO] --- clean:3.2.0:clean (default-clean) @ mini-cad ---
[INFO] Deleting D:\work\MiniCAD\target
[INFO] 
[INFO] --- enforcer:3.5.0:enforce (enforce-build-prerequisites) @ mini-cad ---
[INFO] Rule 0: org.apache.maven.enforcer.rules.version.RequireJavaVersion passed
[INFO] Rule 1: org.apache.maven.enforcer.rules.dependency.DependencyConvergence passed
[INFO] Rule 2: org.apache.maven.enforcer.rules.BanDuplicatePomDependencyVersions passed
[INFO] 
[INFO] --- antlr4:4.13.1:antlr4 (antlr) @ mini-cad ---
[INFO] ANTLR 4: Processing source directory D:\work\MiniCAD\src\main\antlr4
[INFO] Processing grammar: com\minicad\step\syntax\StepAntlr.g4
[INFO] 
[INFO] --- resources:3.4.0:resources (default-resources) @ mini-cad ---
[INFO] Copying 9 resources from src\main\resources to target\classes
[INFO] 
[INFO] --- compiler:3.13.0:compile (default-compile) @ mini-cad ---
[INFO] Recompiling the module because of changed source code.
[INFO] Compiling 1501 source files with javac [debug release 11] to target\classes
[INFO] /D:/work/MiniCAD/src/main/java/com/minicad/export/json/JsonBuilder.java: 某些输入文件使用了未经检查或不安全的操作。
[INFO] /D:/work/MiniCAD/src/main/java/com/minicad/export/json/JsonBuilder.java: 有关详细信息, 请使用 -Xlint:unchecked 重新编译。
[INFO] -------------------------------------------------------------
[ERROR] COMPILATION ERROR : 
[INFO] -------------------------------------------------------------
[ERROR] /D:/work/MiniCAD/src/main/java/com/minicad/preview/builder/PreviewFaceBuilder.java:[653,40] 找不到符号
  符号:   变量 PreviewSurfaceSampler
  位置: 类 com.minicad.preview.builder.PreviewFaceBuilder
[ERROR] /D:/work/MiniCAD/src/main/java/com/minicad/preview/builder/PreviewFaceBuilder.java:[654,17] 找不到符号
  符号:   变量 PreviewSurfaceSampler
  位置: 类 com.minicad.preview.builder.PreviewFaceBuilder
[ERROR] /D:/work/MiniCAD/src/main/java/com/minicad/preview/builder/PreviewFaceBuilder.java:[694,40] 找不到符号
  符号:   变量 PreviewSurfaceSampler
  位置: 类 com.minicad.preview.builder.PreviewFaceBuilder
[ERROR] /D:/work/MiniCAD/src/main/java/com/minicad/preview/builder/PreviewFaceBuilder.java:[741,30] 找不到符号
  符号:   变量 PreviewSurfaceSampler
  位置: 类 com.minicad.preview.builder.PreviewFaceBuilder
[ERROR] /D:/work/MiniCAD/src/main/java/com/minicad/preview/builder/PreviewFaceBuilder.java:[745,40] 找不到符号
  符号:   变量 PreviewSurfaceSampler
  位置: 类 com.minicad.preview.builder.PreviewFaceBuilder
[ERROR] /D:/work/MiniCAD/src/main/java/com/minicad/preview/builder/PreviewFaceBuilder.java:[783,40] 找不到符号
  符号:   变量 PreviewSurfaceSampler
  位置: 类 com.minicad.preview.builder.PreviewFaceBuilder
[ERROR] /D:/work/MiniCAD/src/main/java/com/minicad/preview/builder/PreviewFaceBuilder.java:[828,40] 找不到符号
  符号:   变量 PreviewSurfaceSampler
  位置: 类 com.minicad.preview.builder.PreviewFaceBuilder
[ERROR] /D:/work/MiniCAD/src/main/java/com/minicad/preview/builder/PreviewFaceBuilder.java:[875,40] 找不到符号
  符号:   变量 PreviewSurfaceSampler
  位置: 类 com.minicad.preview.builder.PreviewFaceBuilder
[ERROR] /D:/work/MiniCAD/src/main/java/com/minicad/preview/builder/PreviewFaceBuilder.java:[918,35] 找不到符号
  符号:   变量 PreviewSurfaceSampler
  位置: 类 com.minicad.preview.builder.PreviewFaceBuilder
[ERROR] /D:/work/MiniCAD/src/main/java/com/minicad/preview/builder/PreviewFaceBuilder.java:[921,40] 找不到符号
  符号:   变量 PreviewSurfaceSampler
  位置: 类 com.minicad.preview.builder.PreviewFaceBuilder
[ERROR] /D:/work/MiniCAD/src/main/java/com/minicad/preview/builder/PreviewFaceBuilder.java:[922,17] 找不到符号
  符号:   变量 PreviewSurfaceSampler
  位置: 类 com.minicad.preview.builder.PreviewFaceBuilder
[ERROR] /D:/work/MiniCAD/src/main/java/com/minicad/preview/builder/PreviewFaceBuilder.java:[977,40] 找不到符号
  符号:   变量 PreviewSurfaceSampler
  位置: 类 com.minicad.preview.builder.PreviewFaceBuilder
[ERROR] /D:/work/MiniCAD/src/main/java/com/minicad/preview/builder/PreviewFaceBuilder.java:[1018,40] 找不到符号
  符号:   变量 PreviewSurfaceSampler
  位置: 类 com.minicad.preview.builder.PreviewFaceBuilder
[ERROR] /D:/work/MiniCAD/src/main/java/com/minicad/preview/builder/PreviewFaceBuilder.java:[1059,40] 找不到符号
  符号:   变量 PreviewSurfaceSampler
  位置: 类 com.minicad.preview.builder.PreviewFaceBuilder
[ERROR] /D:/work/MiniCAD/src/main/java/com/minicad/preview/builder/PreviewFaceBuilder.java:[1100,40] 找不到符号
  符号:   变量 PreviewSurfaceSampler
  位置: 类 com.minicad.preview.builder.PreviewFaceBuilder
[ERROR] /D:/work/MiniCAD/src/main/java/com/minicad/preview/builder/PreviewFaceBuilder.java:[1629,16] 找不到符号
  符号:   变量 PreviewSurfaceSampler
  位置: 类 com.minicad.preview.builder.PreviewFaceBuilder
[ERROR] /D:/work/MiniCAD/src/main/java/com/minicad/preview/builder/PreviewFaceBuilder.java:[1633,16] 找不到符号
  符号:   变量 PreviewSurfaceSampler
  位置: 类 com.minicad.preview.builder.PreviewFaceBuilder
[ERROR] /D:/work/MiniCAD/src/main/java/com/minicad/preview/builder/PreviewFaceBuilder.java:[1885,16] 找不到符号
  符号:   变量 PreviewCurveEvaluator
  位置: 类 com.minicad.preview.builder.PreviewFaceBuilder
[ERROR] /D:/work/MiniCAD/src/main/java/com/minicad/preview/builder/PreviewFaceBuilder.java:[1903,40] 找不到符号
  符号:   变量 PreviewSurfaceSampler
  位置: 类 com.minicad.preview.builder.PreviewFaceBuilder
[ERROR] /D:/work/MiniCAD/src/main/java/com/minicad/preview/builder/PreviewFaceBuilder.java:[1945,40] 找不到符号
  符号:   变量 PreviewSurfaceSampler
  位置: 类 com.minicad.preview.builder.PreviewFaceBuilder
[ERROR] /D:/work/MiniCAD/src/main/java/com/minicad/preview/builder/PreviewGeometryCollector.java:[150,47] 找不到符号
  符号:   变量 TessellatedFaceExporter
  位置: 类 com.minicad.preview.builder.PreviewGeometryCollector
[ERROR] /D:/work/MiniCAD/src/main/java/com/minicad/preview/builder/PreviewGeometryCollector.java:[157,39] 找不到符号
  符号:   变量 TessellatedFaceExporter
  位置: 类 com.minicad.preview.builder.PreviewGeometryCollector
[ERROR] /D:/work/MiniCAD/src/main/java/com/minicad/preview/builder/PreviewGeometryCollector.java:[167,17] 找不到符号
  符号:   类 PreviewFaceResult
  位置: 类 com.minicad.preview.builder.PreviewGeometryCollector
[ERROR] /D:/work/MiniCAD/src/main/java/com/minicad/preview/builder/PreviewGeometryCollector.java:[167,49] 找不到符号
  符号:   变量 StepPreviewJsonExporter
  位置: 类 com.minicad.preview.builder.PreviewGeometryCollector
[ERROR] /D:/work/MiniCAD/src/main/java/com/minicad/preview/builder/PreviewGeometryCollector.java:[170,25] 找不到符号
  符号:   变量 StepPreviewJsonExporter
  位置: 类 com.minicad.preview.builder.PreviewGeometryCollector
[ERROR] /D:/work/MiniCAD/src/main/java/com/minicad/preview/builder/PreviewGeometryCollector.java:[200,23] 找不到符号
  符号:   变量 StepPreviewJsonExporter
  位置: 类 com.minicad.preview.builder.PreviewGeometryCollector
[ERROR] /D:/work/MiniCAD/src/main/java/com/minicad/preview/builder/PreviewGeometryCollector.java:[226,66] 找不到符号
  符号:   变量 StepPreviewJsonExporter
  位置: 类 com.minicad.preview.builder.PreviewGeometryCollector
[ERROR] /D:/work/MiniCAD/src/main/java/com/minicad/preview/builder/PreviewGeometryCollector.java:[235,31] 找不到符号
  符号:   变量 PreviewMeshExporter
  位置: 类 com.minicad.preview.builder.PreviewGeometryCollector
[ERROR] /D:/work/MiniCAD/src/main/java/com/minicad/preview/builder/PreviewGeometryCollector.java:[245,35] 找不到符号
  符号:   变量 PreviewMeshExporter
  位置: 类 com.minicad.preview.builder.PreviewGeometryCollector
[ERROR] /D:/work/MiniCAD/src/main/java/com/minicad/preview/builder/PreviewGeometryCollector.java:[258,52] 找不到符号
  符号:   变量 StepPreviewJsonExporter
  位置: 类 com.minicad.preview.builder.PreviewGeometryCollector
[ERROR] /D:/work/MiniCAD/src/main/java/com/minicad/preview/builder/PreviewGeometryCollector.java:[396,47] 找不到符号
  符号:   变量 StepPreviewJsonExporter
  位置: 类 com.minicad.preview.builder.PreviewGeometryCollector
[ERROR] /D:/work/MiniCAD/src/main/java/com/minicad/preview/builder/PreviewGeometryCollector.java:[401,48] 找不到符号
  符号:   变量 StepPreviewJsonExporter
  位置: 类 com.minicad.preview.builder.PreviewGeometryCollector
[ERROR] /D:/work/MiniCAD/src/main/java/com/minicad/preview/builder/PreviewGeometryCollector.java:[406,49] 找不到符号
  符号:   变量 StepPreviewJsonExporter
  位置: 类 com.minicad.preview.builder.PreviewGeometryCollector
[ERROR] /D:/work/MiniCAD/src/main/java/com/minicad/preview/builder/PreviewGeometryCollector.java:[412,68] 找不到符号
  符号:   变量 StepPreviewJsonExporter
  位置: 类 com.minicad.preview.builder.PreviewGeometryCollector
[ERROR] /D:/work/MiniCAD/src/main/java/com/minicad/preview/builder/PreviewGeometryCollector.java:[419,68] 找不到符号
  符号:   变量 StepPreviewJsonExporter
  位置: 类 com.minicad.preview.builder.PreviewGeometryCollector
[ERROR] /D:/work/MiniCAD/src/main/java/com/minicad/preview/builder/PreviewGeometryCollector.java:[426,68] 找不到符号
  符号:   变量 StepPreviewJsonExporter
  位置: 类 com.minicad.preview.builder.PreviewGeometryCollector
[ERROR] /D:/work/MiniCAD/src/main/java/com/minicad/preview/builder/PreviewGeometryCollector.java:[433,68] 找不到符号
  符号:   变量 StepPreviewJsonExporter
  位置: 类 com.minicad.preview.builder.PreviewGeometryCollector
[ERROR] /D:/work/MiniCAD/src/main/java/com/minicad/preview/builder/PreviewGeometryCollector.java:[461,68] 找不到符号
  符号:   变量 StepPreviewJsonExporter
  位置: 类 com.minicad.preview.builder.PreviewGeometryCollector
[ERROR] /D:/work/MiniCAD/src/main/java/com/minicad/preview/builder/PreviewGeometryCollector.java:[567,35] 找不到符号
  符号:   变量 StepPreviewJsonExporter
  位置: 类 com.minicad.preview.builder.PreviewGeometryCollector
[ERROR] /D:/work/MiniCAD/src/main/java/com/minicad/preview/builder/PreviewGeometryCollector.java:[577,35] 找不到符号
  符号:   变量 StepPreviewJsonExporter
  位置: 类 com.minicad.preview.builder.PreviewGeometryCollector
[ERROR] /D:/work/MiniCAD/src/main/java/com/minicad/preview/builder/PreviewGeometryCollector.java:[587,35] 找不到符号
  符号:   变量 StepPreviewJsonExporter
  位置: 类 com.minicad.preview.builder.PreviewGeometryCollector
[ERROR] /D:/work/MiniCAD/src/main/java/com/minicad/preview/builder/PreviewGeometryCollector.java:[597,35] 找不到符号
  符号:   变量 StepPreviewJsonExporter
  位置: 类 com.minicad.preview.builder.PreviewGeometryCollector
[ERROR] /D:/work/MiniCAD/src/main/java/com/minicad/preview/builder/PreviewGeometryCollector.java:[617,35] 找不到符号
  符号:   变量 StepPreviewJsonExporter
  位置: 类 com.minicad.preview.builder.PreviewGeometryCollector
[ERROR] /D:/work/MiniCAD/src/main/java/com/minicad/preview/builder/PreviewGeometryCollector.java:[627,35] 找不到符号
  符号:   变量 StepPreviewJsonExporter
  位置: 类 com.minicad.preview.builder.PreviewGeometryCollector
[ERROR] /D:/work/MiniCAD/src/main/java/com/minicad/preview/builder/PreviewGeometryCollector.java:[651,35] 找不到符号
  符号:   变量 StepPreviewJsonExporter
  位置: 类 com.minicad.preview.builder.PreviewGeometryCollector
[ERROR] /D:/work/MiniCAD/src/main/java/com/minicad/preview/builder/PreviewGeometryCollector.java:[668,45] 找不到符号
  符号:   变量 StepPreviewJsonExporter
  位置: 类 com.minicad.preview.builder.PreviewGeometryCollector
[ERROR] /D:/work/MiniCAD/src/main/java/com/minicad/preview/builder/PreviewGeometryCollector.java:[700,31] 找不到符号
  符号:   变量 StepAssemblyGraphBuilder
  位置: 类 com.minicad.preview.builder.PreviewGeometryCollector
[ERROR] /D:/work/MiniCAD/src/main/java/com/minicad/preview/builder/PreviewGeometryCollector.java:[701,13] 找不到符号
  符号:   类 RepresentationBuildResult
  位置: 类 com.minicad.preview.builder.PreviewGeometryCollector
[ERROR] /D:/work/MiniCAD/src/main/java/com/minicad/preview/builder/PreviewGeometryCollector.java:[701,48] 找不到符号
  符号:   变量 StepPreviewJsonExporter
  位置: 类 com.minicad.preview.builder.PreviewGeometryCollector
[ERROR] /D:/work/MiniCAD/src/main/java/com/minicad/preview/builder/PreviewGeometryCollector.java:[711,34] 找不到符号
  符号:   变量 StepPreviewJsonExporter
  位置: 类 com.minicad.preview.builder.PreviewGeometryCollector
[ERROR] /D:/work/MiniCAD/src/main/java/com/minicad/preview/builder/PreviewGeometryCollector.java:[714,34] 找不到符号
  符号:   变量 StepPreviewJsonExporter
  位置: 类 com.minicad.preview.builder.PreviewGeometryCollector
[ERROR] /D:/work/MiniCAD/src/main/java/com/minicad/preview/builder/PreviewGeometryCollector.java:[728,27] 找不到符号
  符号:   变量 StepPreviewJsonExporter
  位置: 类 com.minicad.preview.builder.PreviewGeometryCollector
[ERROR] /D:/work/MiniCAD/src/main/java/com/minicad/preview/builder/PreviewGeometryCollector.java:[733,9] 找不到符号
  符号:   类 RepresentationBuildResult
  位置: 类 com.minicad.preview.builder.PreviewGeometryCollector
[ERROR] /D:/work/MiniCAD/src/main/java/com/minicad/preview/builder/PreviewGeometryCollector.java:[733,44] 找不到符号
  符号:   变量 StepPreviewJsonExporter
  位置: 类 com.minicad.preview.builder.PreviewGeometryCollector
[ERROR] /D:/work/MiniCAD/src/main/java/com/minicad/preview/builder/PreviewGeometryCollector.java:[743,30] 找不到符号
  符号:   变量 StepPreviewJsonExporter
  位置: 类 com.minicad.preview.builder.PreviewGeometryCollector
[ERROR] /D:/work/MiniCAD/src/main/java/com/minicad/preview/builder/PreviewGeometryCollector.java:[746,30] 找不到符号
  符号:   变量 StepPreviewJsonExporter
  位置: 类 com.minicad.preview.builder.PreviewGeometryCollector
[ERROR] /D:/work/MiniCAD/src/main/java/com/minicad/preview/builder/PreviewGeometryCollector.java:[756,45] 找不到符号
  符号:   变量 StepPreviewJsonExporter
  位置: 类 com.minicad.preview.builder.PreviewGeometryCollector
[ERROR] /D:/work/MiniCAD/src/main/java/com/minicad/preview/builder/PreviewGeometryCollector.java:[772,45] 找不到符号
  符号:   变量 StepPreviewJsonExporter
  位置: 类 com.minicad.preview.builder.PreviewGeometryCollector
[ERROR] /D:/work/MiniCAD/src/main/java/com/minicad/preview/builder/PreviewGeometryCollector.java:[860,27] 找不到符号
  符号:   变量 StepPreviewJsonExporter
  位置: 类 com.minicad.preview.builder.PreviewGeometryCollector
[ERROR] /D:/work/MiniCAD/src/main/java/com/minicad/preview/builder/PreviewGeometryCollector.java:[864,9] 找不到符号
  符号:   类 RepresentationBuildResult
  位置: 类 com.minicad.preview.builder.PreviewGeometryCollector
[ERROR] /D:/work/MiniCAD/src/main/java/com/minicad/preview/builder/PreviewGeometryCollector.java:[864,44] 找不到符号
  符号:   变量 StepPreviewJsonExporter
  位置: 类 com.minicad.preview.builder.PreviewGeometryCollector
[ERROR] /D:/work/MiniCAD/src/main/java/com/minicad/preview/builder/PreviewGeometryCollector.java:[873,39] 找不到符号
  符号:   变量 StepPreviewJsonExporter
  位置: 类 com.minicad.preview.builder.PreviewGeometryCollector
[ERROR] /D:/work/MiniCAD/src/main/java/com/minicad/preview/sampling/PreviewCurveEvaluator.java:[1344,34] 找不到符号
  符号:   变量 StepPreviewJsonExporter
  位置: 类 com.minicad.preview.sampling.PreviewCurveEvaluator
[ERROR] /D:/work/MiniCAD/src/main/java/com/minicad/preview/sampling/PreviewCurveEvaluator.java:[1347,34] 找不到符号
  符号:   变量 StepPreviewJsonExporter
  位置: 类 com.minicad.preview.sampling.PreviewCurveEvaluator
[ERROR] /D:/work/MiniCAD/src/main/java/com/minicad/preview/mapper/SurfaceMapperHelper.java:[574,62] buildBsplineSurface(com.minicad.step.model.base.StepEntity,com.minicad.step.semantic.StepCadBuilder)在com.minicad.export.json.StepPreviewJsonExporter中不是公共的; 无法从外部程序包中对其进行访问
[ERROR] /D:/work/MiniCAD/src/main/java/com/minicad/preview/mapper/SurfaceMapperHelper.java:[618,62] buildFreeFormSurface(com.minicad.step.model.geometry.StepFreeFormSurface,com.minicad.step.semantic.StepCadBuilder)在com.minicad.export.json.StepPreviewJsonExporter中不是公共的; 无法从外部程序包中对其进行访问
[ERROR] /D:/work/MiniCAD/src/main/java/com/minicad/preview/mapper/SurfaceMapperHelper.java:[763,59] curveEvaluator(com.minicad.step.model.base.StepEntity,com.minicad.step.semantic.StepCadBuilder)在com.minicad.export.json.StepPreviewJsonExporter中不是公共的; 无法从外部程序包中对其进行访问
[ERROR] /D:/work/MiniCAD/src/main/java/com/minicad/preview/mapper/SurfaceMapperHelper.java:[798,59] curveEvaluator(com.minicad.step.model.base.StepEntity,com.minicad.step.semantic.StepCadBuilder)在com.minicad.export.json.StepPreviewJsonExporter中不是公共的; 无法从外部程序包中对其进行访问
[ERROR] /D:/work/MiniCAD/src/main/java/com/minicad/preview/sampling/ConicSamplingHelper.java:[22,27] 找不到符号
  符号:   变量 StepPreviewJsonExporter
  位置: 类 com.minicad.preview.sampling.ConicSamplingHelper
[ERROR] /D:/work/MiniCAD/src/main/java/com/minicad/preview/sampling/ConicSamplingHelper.java:[32,36] 找不到符号
  符号:   变量 MathUtilityHelper
  位置: 类 com.minicad.preview.sampling.ConicSamplingHelper
[ERROR] /D:/work/MiniCAD/src/main/java/com/minicad/preview/sampling/ConicSamplingHelper.java:[58,24] 找不到符号
  符号:   变量 MathUtilityHelper
  位置: 类 com.minicad.preview.sampling.ConicSamplingHelper
[ERROR] /D:/work/MiniCAD/src/main/java/com/minicad/preview/sampling/ConicSamplingHelper.java:[77,24] 找不到符号
  符号:   变量 MathUtilityHelper
  位置: 类 com.minicad.preview.sampling.ConicSamplingHelper
[ERROR] /D:/work/MiniCAD/src/main/java/com/minicad/preview/sampling/ConicSamplingHelper.java:[101,24] 找不到符号
  符号:   变量 MathUtilityHelper
  位置: 类 com.minicad.preview.sampling.ConicSamplingHelper
[ERROR] /D:/work/MiniCAD/src/main/java/com/minicad/preview/sampling/Curve3SamplingHelper.java:[34,40] 找不到符号
  符号:   变量 StepPreviewJsonExporter
  位置: 类 com.minicad.preview.sampling.Curve3SamplingHelper
[ERROR] /D:/work/MiniCAD/src/main/java/com/minicad/preview/sampling/PreviewEdgeSampler.java:[601,20] 找不到符号
  符号:   变量 StepAssemblyGraphBuilder
  位置: 类 com.minicad.preview.sampling.PreviewEdgeSampler
[ERROR] /D:/work/MiniCAD/src/main/java/com/minicad/preview/sampling/PreviewSurfaceSampler.java:[269,16] 找不到符号
  符号:   变量 StepPreviewJsonExporter
  位置: 类 com.minicad.preview.sampling.PreviewSurfaceSampler
[ERROR] /D:/work/MiniCAD/src/main/java/com/minicad/preview/sampling/PreviewSurfaceSampler.java:[274,16] 找不到符号
  符号:   变量 StepPreviewJsonExporter
  位置: 类 com.minicad.preview.sampling.PreviewSurfaceSampler
[ERROR] /D:/work/MiniCAD/src/main/java/com/minicad/preview/sampling/PreviewSurfaceSampler.java:[279,16] 找不到符号
  符号:   变量 PayloadConversionHelper
  位置: 类 com.minicad.preview.sampling.PreviewSurfaceSampler
[ERROR] /D:/work/MiniCAD/src/main/java/com/minicad/preview/sampling/TriangulationHelper.java:[35,37] 找不到符号
  符号:   变量 SurfaceGeometryHelper
  位置: 类 com.minicad.preview.sampling.TriangulationHelper
[ERROR] /D:/work/MiniCAD/src/main/java/com/minicad/preview/sampling/TriangulationHelper.java:[36,37] 找不到符号
  符号:   变量 SurfaceGeometryHelper
  位置: 类 com.minicad.preview.sampling.TriangulationHelper
[ERROR] /D:/work/MiniCAD/src/main/java/com/minicad/preview/sampling/TriangulationHelper.java:[37,37] 找不到符号
  符号:   变量 SurfaceGeometryHelper
  位置: 类 com.minicad.preview.sampling.TriangulationHelper
[ERROR] /D:/work/MiniCAD/src/main/java/com/minicad/preview/sampling/TriangulationHelper.java:[38,37] 找不到符号
  符号:   变量 SurfaceGeometryHelper
  位置: 类 com.minicad.preview.sampling.TriangulationHelper
[ERROR] /D:/work/MiniCAD/src/main/java/com/minicad/preview/sampling/TriangulationHelper.java:[40,36] 找不到符号
  符号:   变量 SurfaceGeometryHelper
  位置: 类 com.minicad.preview.sampling.TriangulationHelper
[ERROR] /D:/work/MiniCAD/src/main/java/com/minicad/preview/sampling/TriangulationHelper.java:[62,37] 找不到符号
  符号:   变量 SurfaceGeometryHelper
  位置: 类 com.minicad.preview.sampling.TriangulationHelper
[ERROR] /D:/work/MiniCAD/src/main/java/com/minicad/preview/sampling/TriangulationHelper.java:[63,37] 找不到符号
  符号:   变量 SurfaceGeometryHelper
  位置: 类 com.minicad.preview.sampling.TriangulationHelper
[ERROR] /D:/work/MiniCAD/src/main/java/com/minicad/preview/sampling/TriangulationHelper.java:[64,37] 找不到符号
  符号:   变量 SurfaceGeometryHelper
  位置: 类 com.minicad.preview.sampling.TriangulationHelper
[ERROR] /D:/work/MiniCAD/src/main/java/com/minicad/preview/sampling/TriangulationHelper.java:[65,37] 找不到符号
  符号:   变量 SurfaceGeometryHelper
  位置: 类 com.minicad.preview.sampling.TriangulationHelper
[ERROR] /D:/work/MiniCAD/src/main/java/com/minicad/preview/sampling/TriangulationHelper.java:[67,36] 找不到符号
  符号:   变量 SurfaceGeometryHelper
  位置: 类 com.minicad.preview.sampling.TriangulationHelper
[ERROR] /D:/work/MiniCAD/src/main/java/com/minicad/preview/sampling/TriangulationHelper.java:[88,34] 找不到符号
  符号:   变量 SurfaceGeometryHelper
  位置: 类 com.minicad.preview.sampling.TriangulationHelper
[ERROR] /D:/work/MiniCAD/src/main/java/com/minicad/preview/sampling/TriangulationHelper.java:[89,34] 找不到符号
  符号:   变量 SurfaceGeometryHelper
  位置: 类 com.minicad.preview.sampling.TriangulationHelper
[ERROR] /D:/work/MiniCAD/src/main/java/com/minicad/preview/sampling/TriangulationHelper.java:[90,34] 找不到符号
  符号:   变量 SurfaceGeometryHelper
  位置: 类 com.minicad.preview.sampling.TriangulationHelper
[ERROR] /D:/work/MiniCAD/src/main/java/com/minicad/preview/sampling/TriangulationHelper.java:[91,34] 找不到符号
  符号:   变量 SurfaceGeometryHelper
  位置: 类 com.minicad.preview.sampling.TriangulationHelper
[ERROR] /D:/work/MiniCAD/src/main/java/com/minicad/preview/sampling/TriangulationHelper.java:[92,36] 找不到符号
  符号:   变量 SurfaceGeometryHelper
  位置: 类 com.minicad.preview.sampling.TriangulationHelper
[ERROR] /D:/work/MiniCAD/src/main/java/com/minicad/preview/sampling/TriangulationHelper.java:[152,27] 找不到符号
  符号:   变量 PayloadConversionHelper
  位置: 类 com.minicad.preview.sampling.TriangulationHelper
[ERROR] /D:/work/MiniCAD/src/main/java/com/minicad/preview/sampling/TriangulationHelper.java:[153,27] 找不到符号
  符号:   变量 PayloadConversionHelper
  位置: 类 com.minicad.preview.sampling.TriangulationHelper
[ERROR] /D:/work/MiniCAD/src/main/java/com/minicad/preview/sampling/TriangulationHelper.java:[154,27] 找不到符号
  符号:   变量 PayloadConversionHelper
  位置: 类 com.minicad.preview.sampling.TriangulationHelper
[ERROR] /D:/work/MiniCAD/src/main/java/com/minicad/preview/sampling/TriangulationHelper.java:[157,23] 找不到符号
  符号:   变量 PayloadConversionHelper
  位置: 类 com.minicad.preview.sampling.TriangulationHelper
[ERROR] /D:/work/MiniCAD/src/main/java/com/minicad/preview/sampling/TriangulationHelper.java:[158,23] 找不到符号
  符号:   变量 PayloadConversionHelper
  位置: 类 com.minicad.preview.sampling.TriangulationHelper
[ERROR] /D:/work/MiniCAD/src/main/java/com/minicad/preview/sampling/TriangulationHelper.java:[159,23] 找不到符号
  符号:   变量 PayloadConversionHelper
  位置: 类 com.minicad.preview.sampling.TriangulationHelper
[ERROR] /D:/work/MiniCAD/src/main/java/com/minicad/preview/statistics/GeometryMeasurementHelper.java:[50,35] 找不到符号
  符号:   变量 MathUtilityHelper
  位置: 类 com.minicad.preview.statistics.GeometryMeasurementHelper
[INFO] 100 errors 
[INFO] -------------------------------------------------------------
[INFO] ------------------------------------------------------------------------
[INFO] BUILD FAILURE
[INFO] ------------------------------------------------------------------------
[INFO] Total time:  10.256 s
[INFO] Finished at: 2026-07-08T20:16:01+08:00
[INFO] ------------------------------------------------------------------------
[ERROR] Failed to execute goal org.apache.maven.plugins:maven-compiler-plugin:3.13.0:compile (default-compile) on project mini-cad: Compilation failure: Compilation failure: 
[ERROR] /D:/work/MiniCAD/src/main/java/com/minicad/preview/builder/PreviewFaceBuilder.java:[653,40] 找不到符号
[ERROR]   符号:   变量 PreviewSurfaceSampler
[ERROR]   位置: 类 com.minicad.preview.builder.PreviewFaceBuilder
[ERROR] /D:/work/MiniCAD/src/main/java/com/minicad/preview/builder/PreviewFaceBuilder.java:[654,17] 找不到符号
[ERROR]   符号:   变量 PreviewSurfaceSampler
[ERROR]   位置: 类 com.minicad.preview.builder.PreviewFaceBuilder
[ERROR] /D:/work/MiniCAD/src/main/java/com/minicad/preview/builder/PreviewFaceBuilder.java:[694,40] 找不到符号
[ERROR]   符号:   变量 PreviewSurfaceSampler
[ERROR]   位置: 类 com.minicad.preview.builder.PreviewFaceBuilder
[ERROR] /D:/work/MiniCAD/src/main/java/com/minicad/preview/builder/PreviewFaceBuilder.java:[741,30] 找不到符号
[ERROR]   符号:   变量 PreviewSurfaceSampler
[ERROR]   位置: 类 com.minicad.preview.builder.PreviewFaceBuilder
[ERROR] /D:/work/MiniCAD/src/main/java/com/minicad/preview/builder/PreviewFaceBuilder.java:[745,40] 找不到符号
[ERROR]   符号:   变量 PreviewSurfaceSampler
[ERROR]   位置: 类 com.minicad.preview.builder.PreviewFaceBuilder
[ERROR] /D:/work/MiniCAD/src/main/java/com/minicad/preview/builder/PreviewFaceBuilder.java:[783,40] 找不到符号
[ERROR]   符号:   变量 PreviewSurfaceSampler
[ERROR]   位置: 类 com.minicad.preview.builder.PreviewFaceBuilder
[ERROR] /D:/work/MiniCAD/src/main/java/com/minicad/preview/builder/PreviewFaceBuilder.java:[828,40] 找不到符号
[ERROR]   符号:   变量 PreviewSurfaceSampler
[ERROR]   位置: 类 com.minicad.preview.builder.PreviewFaceBuilder
[ERROR] /D:/work/MiniCAD/src/main/java/com/minicad/preview/builder/PreviewFaceBuilder.java:[875,40] 找不到符号
[ERROR]   符号:   变量 PreviewSurfaceSampler
[ERROR]   位置: 类 com.minicad.preview.builder.PreviewFaceBuilder
[ERROR] /D:/work/MiniCAD/src/main/java/com/minicad/preview/builder/PreviewFaceBuilder.java:[918,35] 找不到符号
[ERROR]   符号:   变量 PreviewSurfaceSampler
[ERROR]   位置: 类 com.minicad.preview.builder.PreviewFaceBuilder
[ERROR] /D:/work/MiniCAD/src/main/java/com/minicad/preview/builder/PreviewFaceBuilder.java:[921,40] 找不到符号
[ERROR]   符号:   变量 PreviewSurfaceSampler
[ERROR]   位置: 类 com.minicad.preview.builder.PreviewFaceBuilder
[ERROR] /D:/work/MiniCAD/src/main/java/com/minicad/preview/builder/PreviewFaceBuilder.java:[922,17] 找不到符号
[ERROR]   符号:   变量 PreviewSurfaceSampler
[ERROR]   位置: 类 com.minicad.preview.builder.PreviewFaceBuilder
[ERROR] /D:/work/MiniCAD/src/main/java/com/minicad/preview/builder/PreviewFaceBuilder.java:[977,40] 找不到符号
[ERROR]   符号:   变量 PreviewSurfaceSampler
[ERROR]   位置: 类 com.minicad.preview.builder.PreviewFaceBuilder
[ERROR] /D:/work/MiniCAD/src/main/java/com/minicad/preview/builder/PreviewFaceBuilder.java:[1018,40] 找不到符号
[ERROR]   符号:   变量 PreviewSurfaceSampler
[ERROR]   位置: 类 com.minicad.preview.builder.PreviewFaceBuilder
[ERROR] /D:/work/MiniCAD/src/main/java/com/minicad/preview/builder/PreviewFaceBuilder.java:[1059,40] 找不到符号
[ERROR]   符号:   变量 PreviewSurfaceSampler
[ERROR]   位置: 类 com.minicad.preview.builder.PreviewFaceBuilder
[ERROR] /D:/work/MiniCAD/src/main/java/com/minicad/preview/builder/PreviewFaceBuilder.java:[1100,40] 找不到符号
[ERROR]   符号:   变量 PreviewSurfaceSampler
[ERROR]   位置: 类 com.minicad.preview.builder.PreviewFaceBuilder
[ERROR] /D:/work/MiniCAD/src/main/java/com/minicad/preview/builder/PreviewFaceBuilder.java:[1629,16] 找不到符号
[ERROR]   符号:   变量 PreviewSurfaceSampler
[ERROR]   位置: 类 com.minicad.preview.builder.PreviewFaceBuilder
[ERROR] /D:/work/MiniCAD/src/main/java/com/minicad/preview/builder/PreviewFaceBuilder.java:[1633,16] 找不到符号
[ERROR]   符号:   变量 PreviewSurfaceSampler
[ERROR]   位置: 类 com.minicad.preview.builder.PreviewFaceBuilder
[ERROR] /D:/work/MiniCAD/src/main/java/com/minicad/preview/builder/PreviewFaceBuilder.java:[1885,16] 找不到符号
[ERROR]   符号:   变量 PreviewCurveEvaluator
[ERROR]   位置: 类 com.minicad.preview.builder.PreviewFaceBuilder
[ERROR] /D:/work/MiniCAD/src/main/java/com/minicad/preview/builder/PreviewFaceBuilder.java:[1903,40] 找不到符号
[ERROR]   符号:   变量 PreviewSurfaceSampler
[ERROR]   位置: 类 com.minicad.preview.builder.PreviewFaceBuilder
[ERROR] /D:/work/MiniCAD/src/main/java/com/minicad/preview/builder/PreviewFaceBuilder.java:[1945,40] 找不到符号
[ERROR]   符号:   变量 PreviewSurfaceSampler
[ERROR]   位置: 类 com.minicad.preview.builder.PreviewFaceBuilder
[ERROR] /D:/work/MiniCAD/src/main/java/com/minicad/preview/builder/PreviewGeometryCollector.java:[150,47] 找不到符号
[ERROR]   符号:   变量 TessellatedFaceExporter
[ERROR]   位置: 类 com.minicad.preview.builder.PreviewGeometryCollector
[ERROR] /D:/work/MiniCAD/src/main/java/com/minicad/preview/builder/PreviewGeometryCollector.java:[157,39] 找不到符号
[ERROR]   符号:   变量 TessellatedFaceExporter
[ERROR]   位置: 类 com.minicad.preview.builder.PreviewGeometryCollector
[ERROR] /D:/work/MiniCAD/src/main/java/com/minicad/preview/builder/PreviewGeometryCollector.java:[167,17] 找不到符号
[ERROR]   符号:   类 PreviewFaceResult
[ERROR]   位置: 类 com.minicad.preview.builder.PreviewGeometryCollector
[ERROR] /D:/work/MiniCAD/src/main/java/com/minicad/preview/builder/PreviewGeometryCollector.java:[167,49] 找不到符号
[ERROR]   符号:   变量 StepPreviewJsonExporter
[ERROR]   位置: 类 com.minicad.preview.builder.PreviewGeometryCollector
[ERROR] /D:/work/MiniCAD/src/main/java/com/minicad/preview/builder/PreviewGeometryCollector.java:[170,25] 找不到符号
[ERROR]   符号:   变量 StepPreviewJsonExporter
[ERROR]   位置: 类 com.minicad.preview.builder.PreviewGeometryCollector
[ERROR] /D:/work/MiniCAD/src/main/java/com/minicad/preview/builder/PreviewGeometryCollector.java:[200,23] 找不到符号
[ERROR]   符号:   变量 StepPreviewJsonExporter
[ERROR]   位置: 类 com.minicad.preview.builder.PreviewGeometryCollector
[ERROR] /D:/work/MiniCAD/src/main/java/com/minicad/preview/builder/PreviewGeometryCollector.java:[226,66] 找不到符号
[ERROR]   符号:   变量 StepPreviewJsonExporter
[ERROR]   位置: 类 com.minicad.preview.builder.PreviewGeometryCollector
[ERROR] /D:/work/MiniCAD/src/main/java/com/minicad/preview/builder/PreviewGeometryCollector.java:[235,31] 找不到符号
[ERROR]   符号:   变量 PreviewMeshExporter
[ERROR]   位置: 类 com.minicad.preview.builder.PreviewGeometryCollector
[ERROR] /D:/work/MiniCAD/src/main/java/com/minicad/preview/builder/PreviewGeometryCollector.java:[245,35] 找不到符号
[ERROR]   符号:   变量 PreviewMeshExporter
[ERROR]   位置: 类 com.minicad.preview.builder.PreviewGeometryCollector
[ERROR] /D:/work/MiniCAD/src/main/java/com/minicad/preview/builder/PreviewGeometryCollector.java:[258,52] 找不到符号
[ERROR]   符号:   变量 StepPreviewJsonExporter
[ERROR]   位置: 类 com.minicad.preview.builder.PreviewGeometryCollector
[ERROR] /D:/work/MiniCAD/src/main/java/com/minicad/preview/builder/PreviewGeometryCollector.java:[396,47] 找不到符号
[ERROR]   符号:   变量 StepPreviewJsonExporter
[ERROR]   位置: 类 com.minicad.preview.builder.PreviewGeometryCollector
[ERROR] /D:/work/MiniCAD/src/main/java/com/minicad/preview/builder/PreviewGeometryCollector.java:[401,48] 找不到符号
[ERROR]   符号:   变量 StepPreviewJsonExporter
[ERROR]   位置: 类 com.minicad.preview.builder.PreviewGeometryCollector
[ERROR] /D:/work/MiniCAD/src/main/java/com/minicad/preview/builder/PreviewGeometryCollector.java:[406,49] 找不到符号
[ERROR]   符号:   变量 StepPreviewJsonExporter
[ERROR]   位置: 类 com.minicad.preview.builder.PreviewGeometryCollector
[ERROR] /D:/work/MiniCAD/src/main/java/com/minicad/preview/builder/PreviewGeometryCollector.java:[412,68] 找不到符号
[ERROR]   符号:   变量 StepPreviewJsonExporter
[ERROR]   位置: 类 com.minicad.preview.builder.PreviewGeometryCollector
[ERROR] /D:/work/MiniCAD/src/main/java/com/minicad/preview/builder/PreviewGeometryCollector.java:[419,68] 找不到符号
[ERROR]   符号:   变量 StepPreviewJsonExporter
[ERROR]   位置: 类 com.minicad.preview.builder.PreviewGeometryCollector
[ERROR] /D:/work/MiniCAD/src/main/java/com/minicad/preview/builder/PreviewGeometryCollector.java:[426,68] 找不到符号
[ERROR]   符号:   变量 StepPreviewJsonExporter
[ERROR]   位置: 类 com.minicad.preview.builder.PreviewGeometryCollector
[ERROR] /D:/work/MiniCAD/src/main/java/com/minicad/preview/builder/PreviewGeometryCollector.java:[433,68] 找不到符号
[ERROR]   符号:   变量 StepPreviewJsonExporter
[ERROR]   位置: 类 com.minicad.preview.builder.PreviewGeometryCollector
[ERROR] /D:/work/MiniCAD/src/main/java/com/minicad/preview/builder/PreviewGeometryCollector.java:[461,68] 找不到符号
[ERROR]   符号:   变量 StepPreviewJsonExporter
[ERROR]   位置: 类 com.minicad.preview.builder.PreviewGeometryCollector
[ERROR] /D:/work/MiniCAD/src/main/java/com/minicad/preview/builder/PreviewGeometryCollector.java:[567,35] 找不到符号
[ERROR]   符号:   变量 StepPreviewJsonExporter
[ERROR]   位置: 类 com.minicad.preview.builder.PreviewGeometryCollector
[ERROR] /D:/work/MiniCAD/src/main/java/com/minicad/preview/builder/PreviewGeometryCollector.java:[577,35] 找不到符号
[ERROR]   符号:   变量 StepPreviewJsonExporter
[ERROR]   位置: 类 com.minicad.preview.builder.PreviewGeometryCollector
[ERROR] /D:/work/MiniCAD/src/main/java/com/minicad/preview/builder/PreviewGeometryCollector.java:[587,35] 找不到符号
[ERROR]   符号:   变量 StepPreviewJsonExporter
[ERROR]   位置: 类 com.minicad.preview.builder.PreviewGeometryCollector
[ERROR] /D:/work/MiniCAD/src/main/java/com/minicad/preview/builder/PreviewGeometryCollector.java:[597,35] 找不到符号
[ERROR]   符号:   变量 StepPreviewJsonExporter
[ERROR]   位置: 类 com.minicad.preview.builder.PreviewGeometryCollector
[ERROR] /D:/work/MiniCAD/src/main/java/com/minicad/preview/builder/PreviewGeometryCollector.java:[617,35] 找不到符号
[ERROR]   符号:   变量 StepPreviewJsonExporter
[ERROR]   位置: 类 com.minicad.preview.builder.PreviewGeometryCollector
[ERROR] /D:/work/MiniCAD/src/main/java/com/minicad/preview/builder/PreviewGeometryCollector.java:[627,35] 找不到符号
[ERROR]   符号:   变量 StepPreviewJsonExporter
[ERROR]   位置: 类 com.minicad.preview.builder.PreviewGeometryCollector
[ERROR] /D:/work/MiniCAD/src/main/java/com/minicad/preview/builder/PreviewGeometryCollector.java:[651,35] 找不到符号
[ERROR]   符号:   变量 StepPreviewJsonExporter
[ERROR]   位置: 类 com.minicad.preview.builder.PreviewGeometryCollector
[ERROR] /D:/work/MiniCAD/src/main/java/com/minicad/preview/builder/PreviewGeometryCollector.java:[668,45] 找不到符号
[ERROR]   符号:   变量 StepPreviewJsonExporter
[ERROR]   位置: 类 com.minicad.preview.builder.PreviewGeometryCollector
[ERROR] /D:/work/MiniCAD/src/main/java/com/minicad/preview/builder/PreviewGeometryCollector.java:[700,31] 找不到符号
[ERROR]   符号:   变量 StepAssemblyGraphBuilder
[ERROR]   位置: 类 com.minicad.preview.builder.PreviewGeometryCollector
[ERROR] /D:/work/MiniCAD/src/main/java/com/minicad/preview/builder/PreviewGeometryCollector.java:[701,13] 找不到符号
[ERROR]   符号:   类 RepresentationBuildResult
[ERROR]   位置: 类 com.minicad.preview.builder.PreviewGeometryCollector
[ERROR] /D:/work/MiniCAD/src/main/java/com/minicad/preview/builder/PreviewGeometryCollector.java:[701,48] 找不到符号
[ERROR]   符号:   变量 StepPreviewJsonExporter
[ERROR]   位置: 类 com.minicad.preview.builder.PreviewGeometryCollector
[ERROR] /D:/work/MiniCAD/src/main/java/com/minicad/preview/builder/PreviewGeometryCollector.java:[711,34] 找不到符号
[ERROR]   符号:   变量 StepPreviewJsonExporter
[ERROR]   位置: 类 com.minicad.preview.builder.PreviewGeometryCollector
[ERROR] /D:/work/MiniCAD/src/main/java/com/minicad/preview/builder/PreviewGeometryCollector.java:[714,34] 找不到符号
[ERROR]   符号:   变量 StepPreviewJsonExporter
[ERROR]   位置: 类 com.minicad.preview.builder.PreviewGeometryCollector
[ERROR] /D:/work/MiniCAD/src/main/java/com/minicad/preview/builder/PreviewGeometryCollector.java:[728,27] 找不到符号
[ERROR]   符号:   变量 StepPreviewJsonExporter
[ERROR]   位置: 类 com.minicad.preview.builder.PreviewGeometryCollector
[ERROR] /D:/work/MiniCAD/src/main/java/com/minicad/preview/builder/PreviewGeometryCollector.java:[733,9] 找不到符号
[ERROR]   符号:   类 RepresentationBuildResult
[ERROR]   位置: 类 com.minicad.preview.builder.PreviewGeometryCollector
[ERROR] /D:/work/MiniCAD/src/main/java/com/minicad/preview/builder/PreviewGeometryCollector.java:[733,44] 找不到符号
[ERROR]   符号:   变量 StepPreviewJsonExporter
[ERROR]   位置: 类 com.minicad.preview.builder.PreviewGeometryCollector
[ERROR] /D:/work/MiniCAD/src/main/java/com/minicad/preview/builder/PreviewGeometryCollector.java:[743,30] 找不到符号
[ERROR]   符号:   变量 StepPreviewJsonExporter
[ERROR]   位置: 类 com.minicad.preview.builder.PreviewGeometryCollector
[ERROR] /D:/work/MiniCAD/src/main/java/com/minicad/preview/builder/PreviewGeometryCollector.java:[746,30] 找不到符号
[ERROR]   符号:   变量 StepPreviewJsonExporter
[ERROR]   位置: 类 com.minicad.preview.builder.PreviewGeometryCollector
[ERROR] /D:/work/MiniCAD/src/main/java/com/minicad/preview/builder/PreviewGeometryCollector.java:[756,45] 找不到符号
[ERROR]   符号:   变量 StepPreviewJsonExporter
[ERROR]   位置: 类 com.minicad.preview.builder.PreviewGeometryCollector
[ERROR] /D:/work/MiniCAD/src/main/java/com/minicad/preview/builder/PreviewGeometryCollector.java:[772,45] 找不到符号
[ERROR]   符号:   变量 StepPreviewJsonExporter
[ERROR]   位置: 类 com.minicad.preview.builder.PreviewGeometryCollector
[ERROR] /D:/work/MiniCAD/src/main/java/com/minicad/preview/builder/PreviewGeometryCollector.java:[860,27] 找不到符号
[ERROR]   符号:   变量 StepPreviewJsonExporter
[ERROR]   位置: 类 com.minicad.preview.builder.PreviewGeometryCollector
[ERROR] /D:/work/MiniCAD/src/main/java/com/minicad/preview/builder/PreviewGeometryCollector.java:[864,9] 找不到符号
[ERROR]   符号:   类 RepresentationBuildResult
[ERROR]   位置: 类 com.minicad.preview.builder.PreviewGeometryCollector
[ERROR] /D:/work/MiniCAD/src/main/java/com/minicad/preview/builder/PreviewGeometryCollector.java:[864,44] 找不到符号
[ERROR]   符号:   变量 StepPreviewJsonExporter
[ERROR]   位置: 类 com.minicad.preview.builder.PreviewGeometryCollector
[ERROR] /D:/work/MiniCAD/src/main/java/com/minicad/preview/builder/PreviewGeometryCollector.java:[873,39] 找不到符号
[ERROR]   符号:   变量 StepPreviewJsonExporter
[ERROR]   位置: 类 com.minicad.preview.builder.PreviewGeometryCollector
[ERROR] /D:/work/MiniCAD/src/main/java/com/minicad/preview/sampling/PreviewCurveEvaluator.java:[1344,34] 找不到符号
[ERROR]   符号:   变量 StepPreviewJsonExporter
[ERROR]   位置: 类 com.minicad.preview.sampling.PreviewCurveEvaluator
[ERROR] /D:/work/MiniCAD/src/main/java/com/minicad/preview/sampling/PreviewCurveEvaluator.java:[1347,34] 找不到符号
[ERROR]   符号:   变量 StepPreviewJsonExporter
[ERROR]   位置: 类 com.minicad.preview.sampling.PreviewCurveEvaluator
[ERROR] /D:/work/MiniCAD/src/main/java/com/minicad/preview/mapper/SurfaceMapperHelper.java:[574,62] buildBsplineSurface(com.minicad.step.model.base.StepEntity,com.minicad.step.semantic.StepCadBuilder)在com.minicad.export.json.StepPreviewJsonExporter中不是公共的; 无法从外部程序包中对其进行访问
[ERROR] /D:/work/MiniCAD/src/main/java/com/minicad/preview/mapper/SurfaceMapperHelper.java:[618,62] buildFreeFormSurface(com.minicad.step.model.geometry.StepFreeFormSurface,com.minicad.step.semantic.StepCadBuilder)在com.minicad.export.json.StepPreviewJsonExporter中不是公共的; 无法从外部程序包中对其进行访问
[ERROR] /D:/work/MiniCAD/src/main/java/com/minicad/preview/mapper/SurfaceMapperHelper.java:[763,59] curveEvaluator(com.minicad.step.model.base.StepEntity,com.minicad.step.semantic.StepCadBuilder)在com.minicad.export.json.StepPreviewJsonExporter中不是公共的; 无法从外部程序包中对其进行访问
[ERROR] /D:/work/MiniCAD/src/main/java/com/minicad/preview/mapper/SurfaceMapperHelper.java:[798,59] curveEvaluator(com.minicad.step.model.base.StepEntity,com.minicad.step.semantic.StepCadBuilder)在com.minicad.export.json.StepPreviewJsonExporter中不是公共的; 无法从外部程序包中对其进行访问
[ERROR] /D:/work/MiniCAD/src/main/java/com/minicad/preview/sampling/ConicSamplingHelper.java:[22,27] 找不到符号
[ERROR]   符号:   变量 StepPreviewJsonExporter
[ERROR]   位置: 类 com.minicad.preview.sampling.ConicSamplingHelper
[ERROR] /D:/work/MiniCAD/src/main/java/com/minicad/preview/sampling/ConicSamplingHelper.java:[32,36] 找不到符号
[ERROR]   符号:   变量 MathUtilityHelper
[ERROR]   位置: 类 com.minicad.preview.sampling.ConicSamplingHelper
[ERROR] /D:/work/MiniCAD/src/main/java/com/minicad/preview/sampling/ConicSamplingHelper.java:[58,24] 找不到符号
[ERROR]   符号:   变量 MathUtilityHelper
[ERROR]   位置: 类 com.minicad.preview.sampling.ConicSamplingHelper
[ERROR] /D:/work/MiniCAD/src/main/java/com/minicad/preview/sampling/ConicSamplingHelper.java:[77,24] 找不到符号
[ERROR]   符号:   变量 MathUtilityHelper
[ERROR]   位置: 类 com.minicad.preview.sampling.ConicSamplingHelper
[ERROR] /D:/work/MiniCAD/src/main/java/com/minicad/preview/sampling/ConicSamplingHelper.java:[101,24] 找不到符号
[ERROR]   符号:   变量 MathUtilityHelper
[ERROR]   位置: 类 com.minicad.preview.sampling.ConicSamplingHelper
[ERROR] /D:/work/MiniCAD/src/main/java/com/minicad/preview/sampling/Curve3SamplingHelper.java:[34,40] 找不到符号
[ERROR]   符号:   变量 StepPreviewJsonExporter
[ERROR]   位置: 类 com.minicad.preview.sampling.Curve3SamplingHelper
[ERROR] /D:/work/MiniCAD/src/main/java/com/minicad/preview/sampling/PreviewEdgeSampler.java:[601,20] 找不到符号
[ERROR]   符号:   变量 StepAssemblyGraphBuilder
[ERROR]   位置: 类 com.minicad.preview.sampling.PreviewEdgeSampler
[ERROR] /D:/work/MiniCAD/src/main/java/com/minicad/preview/sampling/PreviewSurfaceSampler.java:[269,16] 找不到符号
[ERROR]   符号:   变量 StepPreviewJsonExporter
[ERROR]   位置: 类 com.minicad.preview.sampling.PreviewSurfaceSampler
[ERROR] /D:/work/MiniCAD/src/main/java/com/minicad/preview/sampling/PreviewSurfaceSampler.java:[274,16] 找不到符号
[ERROR]   符号:   变量 StepPreviewJsonExporter
[ERROR]   位置: 类 com.minicad.preview.sampling.PreviewSurfaceSampler
[ERROR] /D:/work/MiniCAD/src/main/java/com/minicad/preview/sampling/PreviewSurfaceSampler.java:[279,16] 找不到符号
[ERROR]   符号:   变量 PayloadConversionHelper
[ERROR]   位置: 类 com.minicad.preview.sampling.PreviewSurfaceSampler
[ERROR] /D:/work/MiniCAD/src/main/java/com/minicad/preview/sampling/TriangulationHelper.java:[35,37] 找不到符号
[ERROR]   符号:   变量 SurfaceGeometryHelper
[ERROR]   位置: 类 com.minicad.preview.sampling.TriangulationHelper
[ERROR] /D:/work/MiniCAD/src/main/java/com/minicad/preview/sampling/TriangulationHelper.java:[36,37] 找不到符号
[ERROR]   符号:   变量 SurfaceGeometryHelper
[ERROR]   位置: 类 com.minicad.preview.sampling.TriangulationHelper
[ERROR] /D:/work/MiniCAD/src/main/java/com/minicad/preview/sampling/TriangulationHelper.java:[37,37] 找不到符号
[ERROR]   符号:   变量 SurfaceGeometryHelper
[ERROR]   位置: 类 com.minicad.preview.sampling.TriangulationHelper
[ERROR] /D:/work/MiniCAD/src/main/java/com/minicad/preview/sampling/TriangulationHelper.java:[38,37] 找不到符号
[ERROR]   符号:   变量 SurfaceGeometryHelper
[ERROR]   位置: 类 com.minicad.preview.sampling.TriangulationHelper
[ERROR] /D:/work/MiniCAD/src/main/java/com/minicad/preview/sampling/TriangulationHelper.java:[40,36] 找不到符号
[ERROR]   符号:   变量 SurfaceGeometryHelper
[ERROR]   位置: 类 com.minicad.preview.sampling.TriangulationHelper
[ERROR] /D:/work/MiniCAD/src/main/java/com/minicad/preview/sampling/TriangulationHelper.java:[62,37] 找不到符号
[ERROR]   符号:   变量 SurfaceGeometryHelper
[ERROR]   位置: 类 com.minicad.preview.sampling.TriangulationHelper
[ERROR] /D:/work/MiniCAD/src/main/java/com/minicad/preview/sampling/TriangulationHelper.java:[63,37] 找不到符号
[ERROR]   符号:   变量 SurfaceGeometryHelper
[ERROR]   位置: 类 com.minicad.preview.sampling.TriangulationHelper
[ERROR] /D:/work/MiniCAD/src/main/java/com/minicad/preview/sampling/TriangulationHelper.java:[64,37] 找不到符号
[ERROR]   符号:   变量 SurfaceGeometryHelper
[ERROR]   位置: 类 com.minicad.preview.sampling.TriangulationHelper
[ERROR] /D:/work/MiniCAD/src/main/java/com/minicad/preview/sampling/TriangulationHelper.java:[65,37] 找不到符号
[ERROR]   符号:   变量 SurfaceGeometryHelper
[ERROR]   位置: 类 com.minicad.preview.sampling.TriangulationHelper
[ERROR] /D:/work/MiniCAD/src/main/java/com/minicad/preview/sampling/TriangulationHelper.java:[67,36] 找不到符号
[ERROR]   符号:   变量 SurfaceGeometryHelper
[ERROR]   位置: 类 com.minicad.preview.sampling.TriangulationHelper
[ERROR] /D:/work/MiniCAD/src/main/java/com/minicad/preview/sampling/TriangulationHelper.java:[88,34] 找不到符号
[ERROR]   符号:   变量 SurfaceGeometryHelper
[ERROR]   位置: 类 com.minicad.preview.sampling.TriangulationHelper
[ERROR] /D:/work/MiniCAD/src/main/java/com/minicad/preview/sampling/TriangulationHelper.java:[89,34] 找不到符号
[ERROR]   符号:   变量 SurfaceGeometryHelper
[ERROR]   位置: 类 com.minicad.preview.sampling.TriangulationHelper
[ERROR] /D:/work/MiniCAD/src/main/java/com/minicad/preview/sampling/TriangulationHelper.java:[90,34] 找不到符号
[ERROR]   符号:   变量 SurfaceGeometryHelper
[ERROR]   位置: 类 com.minicad.preview.sampling.TriangulationHelper
[ERROR] /D:/work/MiniCAD/src/main/java/com/minicad/preview/sampling/TriangulationHelper.java:[91,34] 找不到符号
[ERROR]   符号:   变量 SurfaceGeometryHelper
[ERROR]   位置: 类 com.minicad.preview.sampling.TriangulationHelper
[ERROR] /D:/work/MiniCAD/src/main/java/com/minicad/preview/sampling/TriangulationHelper.java:[92,36] 找不到符号
[ERROR]   符号:   变量 SurfaceGeometryHelper
[ERROR]   位置: 类 com.minicad.preview.sampling.TriangulationHelper
[ERROR] /D:/work/MiniCAD/src/main/java/com/minicad/preview/sampling/TriangulationHelper.java:[152,27] 找不到符号
[ERROR]   符号:   变量 PayloadConversionHelper
[ERROR]   位置: 类 com.minicad.preview.sampling.TriangulationHelper
[ERROR] /D:/work/MiniCAD/src/main/java/com/minicad/preview/sampling/TriangulationHelper.java:[153,27] 找不到符号
[ERROR]   符号:   变量 PayloadConversionHelper
[ERROR]   位置: 类 com.minicad.preview.sampling.TriangulationHelper
[ERROR] /D:/work/MiniCAD/src/main/java/com/minicad/preview/sampling/TriangulationHelper.java:[154,27] 找不到符号
[ERROR]   符号:   变量 PayloadConversionHelper
[ERROR]   位置: 类 com.minicad.preview.sampling.TriangulationHelper
[ERROR] /D:/work/MiniCAD/src/main/java/com/minicad/preview/sampling/TriangulationHelper.java:[157,23] 找不到符号
[ERROR]   符号:   变量 PayloadConversionHelper
[ERROR]   位置: 类 com.minicad.preview.sampling.TriangulationHelper
[ERROR] /D:/work/MiniCAD/src/main/java/com/minicad/preview/sampling/TriangulationHelper.java:[158,23] 找不到符号
[ERROR]   符号:   变量 PayloadConversionHelper
[ERROR]   位置: 类 com.minicad.preview.sampling.TriangulationHelper
[ERROR] /D:/work/MiniCAD/src/main/java/com/minicad/preview/sampling/TriangulationHelper.java:[159,23] 找不到符号
[ERROR]   符号:   变量 PayloadConversionHelper
[ERROR]   位置: 类 com.minicad.preview.sampling.TriangulationHelper
[ERROR] /D:/work/MiniCAD/src/main/java/com/minicad/preview/statistics/GeometryMeasurementHelper.java:[50,35] 找不到符号
[ERROR]   符号:   变量 MathUtilityHelper
[ERROR]   位置: 类 com.minicad.preview.statistics.GeometryMeasurementHelper
[ERROR] -> [Help 1]
[ERROR] 
[ERROR] To see the full stack trace of the errors, re-run Maven with the -e switch.
[ERROR] Re-run Maven using the -X switch to enable full debug logging.
[ERROR] 
[ERROR] For more information about the errors and possible solutions, please read the following articles:
[ERROR] [Help 1] http://cwiki.apache.org/confluence/display/MAVEN/MojoFailureException
